I'm sorry, but errors were detected in your script. Please correct the
errors listed below, and try again.


File "game/script.rpy", line 10: could not parse statement.
    play music lofi volume 0.5 fadein 3
                    ^

Ren'Py Version: Ren'Py 7.1.3.1092
Thu Aug 28 21:22:19 2025
